<testsuites id="" name="" tests="1" failures="1" skipped="0" errors="0" time="6.795587">
<testsuite name="newsletter-a11y.spec.ts" timestamp="2025-10-31T13:23:52.246Z" hostname="Mobile Chrome" tests="1" failures="1" skipped="0" time="2.129" errors="0">
<testcase name="Newsletter - Accessibility › should have appropriate touch targets on mobile" classname="newsletter-a11y.spec.ts" time="2.129">
<failure message="newsletter-a11y.spec.ts:145:3 should have appropriate touch targets on mobile" type="FAILURE">
<![CDATA[  [Mobile Chrome] › newsletter-a11y.spec.ts:145:3 › Newsletter - Accessibility › should have appropriate touch targets on mobile 

    Error: expect(received).toBeGreaterThanOrEqual(expected)

    Expected: >= 44
    Received:    32

      156 |         // WCAG recommends minimum 44x44px for touch targets
      157 |         expect(box.width).toBeGreaterThanOrEqual(44);
    > 158 |         expect(box.height).toBeGreaterThanOrEqual(44);
          |                            ^
      159 |       }
      160 |     }
      161 |   });
        at E:\Zhaoxiang_Qiu\work\SDeal\Strata\frontend\tests\e2e\newsletter-a11y.spec.ts:158:28

    attachment #1: screenshot (image/png) ──────────────────────────────────────────────────────────
    ..\..\test-results\newsletter-a11y-Newsletter-35e79-ate-touch-targets-on-mobile-Mobile-Chrome\test-failed-1.png
    ────────────────────────────────────────────────────────────────────────────────────────────────

    attachment #2: video (video/webm) ──────────────────────────────────────────────────────────────
    ..\..\test-results\newsletter-a11y-Newsletter-35e79-ate-touch-targets-on-mobile-Mobile-Chrome\video.webm
    ────────────────────────────────────────────────────────────────────────────────────────────────

    Error Context: ..\..\test-results\newsletter-a11y-Newsletter-35e79-ate-touch-targets-on-mobile-Mobile-Chrome\error-context.md
]]>
</failure>
<system-out>
<![CDATA[
[[ATTACHMENT|test-results\newsletter-a11y-Newsletter-35e79-ate-touch-targets-on-mobile-Mobile-Chrome\test-failed-1.png]]

[[ATTACHMENT|test-results\newsletter-a11y-Newsletter-35e79-ate-touch-targets-on-mobile-Mobile-Chrome\video.webm]]

[[ATTACHMENT|test-results\newsletter-a11y-Newsletter-35e79-ate-touch-targets-on-mobile-Mobile-Chrome\error-context.md]]
]]>
</system-out>
</testcase>
</testsuite>
</testsuites>